[global.marksandspencer.com/ua/store-locator/index.html]
[backblue.gif]
[fade.gif]
[index.html]
[global.marksandspencer.com/ua/wp-content/plugins/sitepress-multilingual-cms/res/css/language-selector4f7b.css]
[global.marksandspencer.com/ua/wp-content/plugins/eu-cookie-directive/style38b5.css]
[global.marksandspencer.com/ua/store-locator/feed/index.html]
[global.marksandspencer.com/ua/wp-includes/js/jquery/jquery3e5a.js]
[global.marksandspencer.com/ua/wp-includes/js/jquery/jquery-migrate.min1576.js]
[global.marksandspencer.com/ua/wp-content/themes/mands/scripts/mns_scripts38b5.js]
[global.marksandspencer.com/ua/wp-content/themes/mands/style/normalize.css]
[global.marksandspencer.com/ua/wp-content/themes/mands/style/fonts.css]
[global.marksandspencer.com/ua/wp-content/themes/mands/style/style.css]
[global.marksandspencer.com/ua/wp-content/themes/mands/style/editorial_css.css]
[global.marksandspencer.com/ua/wp-content/themes/mands/style/skin.css]
[global.marksandspencer.com/ua/wp-content/themes/mands/style/jquery.fancybox-1.3.4.css]
[global.marksandspencer.com/ua/wp-content/themes/mands/style.css]
[global.marksandspencer.com/ua/wp-content/themes/mands/style/store.css]
[global.marksandspencer.com/ua/wp-content/themes/mands/scripts/libs/handlebars.js]
[global.marksandspencer.com/ua/wp-content/themes/mands/scripts/libs/jquery.js]
[global.marksandspencer.com/ua/wp-content/themes/mands/scripts/config/mnsGlobalWeb.config.js]
[global.marksandspencer.com/ua/wp-content/themes/mands/scripts/libs/jquery.easing-1.3.pack.js]
[global.marksandspencer.com/ua/wp-content/themes/mands/scripts/libs/jquery.fancybox-1.3.4.pack.js]
[global.marksandspencer.com/ua/wp-content/themes/mands/scripts/libs/jquery.jcarousel.min.js]
[global.marksandspencer.com/ua/store-locator/moogaloop9f1a.swf]
[global.marksandspencer.com/ua/store-locator/v/index.html]
[global.marksandspencer.com/ua/files/2013/12/Flag_of_Ukraine.svg_.png]
[global.marksandspencer.com/ua/wp-content/themes/mands/images/store-locator/info-tip.png]
[global.marksandspencer.com/ua/store-locator/editorial8d9f.html]
[global.marksandspencer.com/ua/wp-content/themes/mands/images/footer/thankyou-img.gif]
[global.marksandspencer.com/ua/wp-content/themes/mands/scripts/widgets/jquery.elastislide.js]
[global.marksandspencer.com/ua/wp-content/themes/mands/scripts/core/mnsGlobalWeb.helper.js]
[global.marksandspencer.com/ua/wp-content/themes/mands/scripts/core/mnsGlobalWeb.view.js]
[global.marksandspencer.com/ua/wp-content/themes/mands/scripts/libs/jquery.lazyload.js]
[global.marksandspencer.com/ua/wp-content/themes/mands/scripts/libs/jquery.validate.js]
[global.marksandspencer.com/ua/wp-content/themes/mands/scripts/libs/jquery.watermark.min.js]
[global.marksandspencer.com/ua/wp-content/themes/mands/scripts/core/mnsGlobalWeb.main.js]
[global.marksandspencer.com/ua/wp-content/themes/mands/scripts/core/CIScripts.js]
[global.marksandspencer.com/ua/wp-content/themes/mands/scripts/widgets/cycle.js]
[global.marksandspencer.com/ua/wp-content/themes/mands/scripts/widgets/jquery.hoverIntent.js]
[global.marksandspencer.com/ua/wp-content/themes/mands/scripts/widgets/mnsGlobalWeb.full-screen.js]
[global.marksandspencer.com/ua/wp-content/themes/mands/scripts/widgets/onScreen.js]
[global.marksandspencer.com/ua/wp-content/plugins/eu-cookie-directive/script.js]
[global.marksandspencer.com/ua/wp-content/plugins/sitepress-multilingual-cms/res/js/sitepress38b5.js]
[global.marksandspencer.com/ua/store-locator/index.html]
[global.marksandspencer.com/ua/wp-content/plugins/sitepress-multilingual-cms/res/css/language-selector4f7b.html]
[global.marksandspencer.com/ua/store-locator/feed/index.html]
[global.marksandspencer.com/ua/wp-content/plugins/eu-cookie-directive/style38b5.html]
[global.marksandspencer.com/ua/wp-includes/js/jquery/jquery3e5a.html]
[global.marksandspencer.com/ua/wp-includes/js/jquery/jquery-migrate.min1576.html]
[global.marksandspencer.com/ua/wp-content/themes/mands/scripts/mns_scripts38b5.html]
[global.marksandspencer.com/ua/wp-content/themes/mands/style/normalize.html]
[global.marksandspencer.com/ua/wp-content/themes/mands/style/fonts.html]
[global.marksandspencer.com/ua/wp-content/themes/mands/style/style.html]
[global.marksandspencer.com/ua/wp-content/themes/mands/style/editorial_css.html]
[global.marksandspencer.com/ua/wp-content/themes/mands/style/skin.html]
[global.marksandspencer.com/ua/wp-content/themes/mands/style/jquery.fancybox-1.3.4.html]
[global.marksandspencer.com/ua/wp-content/themes/mands/style.html]
[global.marksandspencer.com/ua/wp-content/themes/mands/style/store.html]
[global.marksandspencer.com/ua/wp-content/themes/mands/scripts/libs/handlebars.html]
[global.marksandspencer.com/ua/wp-content/themes/mands/scripts/libs/jquery.html]
[global.marksandspencer.com/ua/wp-content/themes/mands/scripts/config/mnsGlobalWeb.config.html]
[global.marksandspencer.com/ua/wp-content/themes/mands/scripts/libs/jquery.easing-1.3.pack.html]
[global.marksandspencer.com/ua/wp-content/themes/mands/scripts/libs/jquery.fancybox-1.3.4.pack.html]
[global.marksandspencer.com/ua/wp-content/themes/mands/scripts/libs/jquery.jcarousel.min.html]
[global.marksandspencer.com/ua/store-locator/v/index.html]
[global.marksandspencer.com/ua/store-locator/moogaloop9f1a.html]
[global.marksandspencer.com/ua/wp-content/themes/mands/images/store-locator/info-tip.html]
[global.marksandspencer.com/ua/store-locator/editorial8d9f.html]
[global.marksandspencer.com/ua/wp-content/themes/mands/images/footer/thankyou-img.html]
[global.marksandspencer.com/ua/wp-content/themes/mands/scripts/widgets/jquery.elastislide.html]
[global.marksandspencer.com/ua/wp-content/themes/mands/scripts/core/mnsGlobalWeb.helper.html]
[global.marksandspencer.com/ua/wp-content/themes/mands/scripts/core/mnsGlobalWeb.view.html]
[global.marksandspencer.com/ua/wp-content/themes/mands/scripts/libs/jquery.lazyload.html]
[global.marksandspencer.com/ua/wp-content/themes/mands/scripts/libs/jquery.validate.html]
[global.marksandspencer.com/ua/wp-content/themes/mands/scripts/libs/jquery.watermark.min.html]
[global.marksandspencer.com/ua/wp-content/themes/mands/scripts/core/mnsGlobalWeb.main.html]
[global.marksandspencer.com/ua/wp-content/themes/mands/scripts/core/CIScripts.html]
[global.marksandspencer.com/ua/wp-content/themes/mands/scripts/widgets/cycle.html]
[global.marksandspencer.com/ua/wp-content/themes/mands/scripts/widgets/jquery.hoverIntent.html]
[global.marksandspencer.com/ua/wp-content/themes/mands/scripts/widgets/mnsGlobalWeb.full-screen.html]
[global.marksandspencer.com/ua/wp-content/themes/mands/scripts/widgets/onScreen.html]
[global.marksandspencer.com/ua/wp-content/plugins/eu-cookie-directive/script.html]
[global.marksandspencer.com/ua/wp-content/plugins/sitepress-multilingual-cms/res/js/sitepress38b5.html]
