[dre.ducati.it/en/news/index.html]
[backblue.gif]
[fade.gif]
[index.html]
[dre.ducati.it/wp-content/themes/dre/js/raphael-min.js]
[dre.ducati.it/wp-includes/js/jquery/jquery90f9.js]
[dre.ducati.it/wp-includes/js/jquery/jquery-migrate.min1576.js]
[dre.ducati.it/en/news/feed/index.html]
[dre.ducati.it/wp-includes/js/jquery/ui/effect.min4a80.js]
[dre.ducati.it/wp-includes/js/jquery/ui/effect-fade.min4a80.js]
[dre.ducati.it/wp-content/themes/dre/js/_dre_script68b3.js]
[dre.ducati.it/wp-content/themes/dre/graphics/logo_dre.png]
[dre.ducati.it/wp-content/themes/dre/graphics/logo_ducati.png]
[dre.ducati.it/wp-content/uploads/2015/02/DRE_MTS_TECHRIDE_027_-720x404.jpg]
[dre.ducati.it/wp-content/uploads/2015/02/DRE_MTS_TECHRIDE_027_-480x269.jpg]
[dre.ducati.it/wp-content/uploads/2015/04/moto-480x269.jpg]
[dre.ducati.it/wp-content/uploads/2015/02/165DRM1011-480x269.jpg]
[dre.ducati.it/wp-content/uploads/2015/02/Cover_Valia-480x269.jpg]
[dre.ducati.it/wp-content/uploads/2015/02/DRE_istruttori_Poggiali-480x269.jpg]
[dre.ducati.it/wp-content/uploads/2015/02/lDRE_testimonials_Lorenzo_Morresi_foto-480x269.jpg]
[dre.ducati.it/wp-content/uploads/2015/02/Cover_Flavia-480x269.jpg]
[dre.ducati.it/wp-content/uploads/2015/02/DRE_testimonials_Josef_Korsten-480x269.jpg]
[dre.ducati.it/wp-content/uploads/2015/02/DRE_Web-08.png]
[dre.ducati.it/wp-content/uploads/2015/02/DRE_Web-09.png]
[dre.ducati.it/en/news/index.html]
[dre.ducati.it/wp-content/themes/dre/graphics/gradient_bar.png]
[dre.ducati.it/wp-content/themes/dre/graphics/overlay_light.png]
[dre.ducati.it/wp-content/themes/dre/graphics/overlay_quit.png]
[dre.ducati.it/wp-content/themes/dre/graphics/overlay_portrait.png]
[dre.ducati.it/wp-content/themes/dre/graphics/menu_bullet.png]
[dre.ducati.it/wp-content/themes/dre/graphics/glyph_menu.png]
[dre.ducati.it/wp-content/themes/dre/graphics/gradient_light.png]
[dre.ducati.it/wp-content/themes/dre/graphics/gradient_dark.png]
[dre.ducati.it/wp-content/themes/dre/graphics/glyphs_courses.png]
[dre.ducati.it/wp-content/themes/dre/graphics/arrows_horizontal.png]
[dre.ducati.it/wp-content/themes/dre/style.css]
[dre.ducati.it/wp-content/plugins/qtranslate-slug/assets/css/qts-default31a4.css]
[www.googletagmanager.com/gtm5445.html]
