[backblue.gif]
[fade.gif]
[index.html]
[eset.ua/js/jquery/jquery.js]
[eset.ua/js/jquery/jquery.ui.core.js]
[eset.ua/js/jquery/jquery.ui.widget.js]
[eset.ua/js/jquery/jquery-1.7.2.min.js]
[eset.ua/js/jquery/jquery-ui-1.8.20.custom.min.js]
[eset.ua/js/jquery/jquery.hoverIntent.min.js]
[eset.ua/js/jquery/jquery.maskedinput-1.3.js]
[eset.ua/js/eset/jquery.form.js]
[eset.ua/js/fancybox/jquery.mousewheel-3.0.4.pack.js]
[eset.ua/js/fancybox/jquery.fancybox-1.3.4.js]
[eset.ua/js/eset/eset67d9.js]
[eset.ua/images/logo-eset.png]
[eset.ua/imglib/m_menu/ukr/1.png]
[eset.ua/imglib/m_menu/ukr/2.png]
[eset.ua/imglib/m_menu/ukr/3.png]
[eset.ua/imglib/m_menu/ukr/4.png]
[eset.ua/imglib/m_menu/ukr/5.png]
[eset.ua/images/ukr.gif]
[eset.ua/images/rus.gif]
[eset.ua/js/eset/renew_auth_checke42d.js]
[eset.ua/imglib/OnlineShop/vop.png]
[eset.ua/img/new/tooltip_form_left.png]
[eset.ua/img/new/vop.png]
[eset.ua/img/new/green.png]
[eset.ua/img/new/ico_support2.gif]
[eset.ua/img/new/ico_doc.gif]
[eset.ua/js/slippry/slippry.min.js]
[eset.ua/images/helper_prolongation/pc/ua/1.png]
[eset.ua/images/helper_prolongation/pc/ua/2.png]
[eset.ua/images/helper_prolongation/pc/ua/3.png]
[eset.ua/images/helper_prolongation/pc/ua/4.png]
[eset.ua/images/helper_prolongation/pc/ua/5.png]
[eset.ua/images/helper_prolongation/mobile/ua/1.png]
[eset.ua/images/helper_prolongation/mobile/ua/2.png]
[eset.ua/images/helper_prolongation/mobile/ua/3.png]
[eset.ua/js/helper/prolongationHelper.js]
[eset.ua/imglib/goods/1.png]
[eset.ua/imglib/goods/6.png]
[eset.ua/imglib/goods/5.png]
[eset.ua/imglib/goods/3.png]
[eset.ua/imglib/goods/4.png]
[eset.ua/js/jquery/jquery.tools.tooltip.js]
[eset.ua/download_files/img/social_media/ico_twistter_14.gif]
[eset.ua/download_files/img/social_media/vk_icon.png]
[eset.ua/download_files/img/social_media/ico_facebook_15.gif]
[eset.ua/download_files/img/social_media/big_icons/ico_facebook_12.png]
[eset.ua/images/bg_backgrounds02.png]
[eset.ua/ua/buy/online_shop.html]
[eset.ua/images/bg.gif]
[eset.ua/images/top_panel.png]
[eset.ua/images/strelka.gif]
[eset.ua/images/bg_images1.gif]
[eset.ua/images/spin.gif]
[eset.ua/images/arr_up.gif]
[eset.ua/images/prev_next.png]
[eset.ua/images/bullets.png]
[eset.ua/images/blue.gif]
[eset.ua/images/main_p_bot1.png]
[eset.ua/images/gray.gif]
[eset.ua/images/bg_backgrounds01.png]
[eset.ua/images/order_select_bg.gif]
[eset.ua/images/order_gray_bg.gif]
[eset.ua/images/arr_more.gif]
[eset.ua/images/custom_btns.png]
[eset.ua/images/btn_trial.png]
[eset.ua/images/arr_all.gif]
[eset.ua/images/bottom_bg_small.png]
[eset.ua/images/icons/ico_facebook_15.gif]
[eset.ua/images/icons/ico_twistter_14.gif]
[eset.ua/images/icons/ico_youtube_15.gif]
[eset.ua/images/icons/ico_rss_14.gif]
[eset.ua/images/bg_line_bottom.png]
[eset.ua/images/line.gif]
[eset.ua/images/line_detail.gif]
[eset.ua/images/bg_submenu.gif]
[eset.ua/images/bg_tabs.png]
[eset.ua/images/custom_btns_l.png]
[eset.ua/images/btn_byu.png]
[eset.ua/images/arr_li.gif]
[eset.ua/images/icn-pdf.png]
[eset.ua/images/bg_oldarea1.png]
[eset.ua/images/bg_download01.jpg]
[eset.ua/images/bg_download03.jpg]
[eset.ua/images/line_down_items.png]
[eset.ua/images/line_us_tabs.png]
[eset.ua/images/bg_tabs_big.png]
[eset.ua/images/ico_os_multi.png]
[eset.ua/images/ico_os_win.png]
[eset.ua/images/ico_os_mac.png]
[eset.ua/images/ico_os_linux.png]
[eset.ua/images/ico_os_mobil.png]
[eset.ua/images/ico_os_kerio.png]
[eset.ua/images/line_down.gif]
[eset.ua/images/ico_l_buy.png]
[eset.ua/images/ico_l_info.png]
[eset.ua/images/ico_l_full_07.png]
[eset.ua/images/btn_blue_down.png]
[eset.ua/images/bg_select4.png]
[eset.ua/images/bg_select3.png]
[eset.ua/images/line_detail_down.png]
[eset.ua/images/arr_tip.png]
[eset.ua/images/arr_grey.png]
[eset.ua/images/btn_down.png]
[eset.ua/images/bg_select5.png]
[eset.ua/images/btn_blue_small.png]
[eset.ua/images/knop_beta.png]
[eset.ua/images/bg_download_block_lang.png]
[eset.ua/images/bg_select2.png]
[eset.ua/images/bg_download_block.png]
[eset.ua/images/bg_block180.gif]
[eset.ua/images/btn_blue_down2.png]
[eset.ua/images/bg_links.gif]
[eset.ua/images/bg_links_top.gif]
[eset.ua/images/bg_links_bottom.gif]
[eset.ua/images/arr_bullet01.gif]
[eset.ua/images/bg_stars.gif]
[eset.ua/images/bg_stars_sel.gif]
[eset.ua/images/bg_star_sel.gif]
[eset.ua/images/arr_back.gif]
[eset.ua/images/quick-help-biz-option.png]
[eset.ua/images/arrow-white-right_5x9.png]
[eset.ua/images/bg_news.gif]
[eset.ua/images/arr_down_silver.gif]
[eset.ua/images/arr_up_silver.gif]
[eset.ua/images/greyform_error.png]
[eset.ua/images/blue_small.gif]
[eset.ua/images/blue_big.gif]
[eset.ua/images/greyform_background.gif]
[eset.ua/images/blue_file.png]
[eset.ua/images/lang_bg.jpg]
[eset.ua/imglib/purchase/store-box-corners.png]
[eset.ua/images/sub_tub_bg.gif]
[eset.ua/images/sub_tub_act_bg.gif]
[eset.ua/images/partner_arr.gif]
[eset.ua/images/button_grad_bg.gif]
[eset.ua/images/form/form-center-bg.png]
[eset.ua/images/form/form-top-bg.png]
[eset.ua/images/form/form-bottom-bg.png]
[eset.ua/images/form/button.png]
[eset.ua/imglib/OnlineShop/liq_che.png]
[eset.ua/images/gray_small.gif]
[eset.ua/images/krok_bg.png]
[eset.ua/img/new/tab_slinet.png]
[eset.ua/img/new/tab_sarr_b.png]
[eset.ua/download_files/img/for_styles/table_sprites.png]
[www.eset.com/fileadmin/templates/img/divider_bg01.png]
[eset.ua/imglib/showcase/sprite.png]
[eset.ua/imglib/showcase/linux.png]
[eset.ua/imglib/showcase/android.png]
[eset.ua/download_files/maine5a3.css]
[eset.ua/imglib/showcase/tab_slinet.png]
[eset.ua/download_files/img/for_css/tab_sarr_b.png]
[eset.ua/imglib/showcase/big_line.png]
[eset.ua/imglib/showcase/grad_menu_bg.gif]
[eset.ua/imglib/showcase/win.png]
[eset.ua/imglib/showcase/mac.png]
[eset.ua/imglib/showcase/sub_tub_bg.png]
[eset.ua/imglib/showcase/sub_tub_act_bg.png]
[eset.ua/imglib/showcase/red_label.png]
[eset.ua/imglib/showcase/tab_sarr_b.png]
[eset.ua/imglib/OnlineShop/grad_tab_bg.gif]
[eset.ua/imglib/OnlineShop/but_grad_lg.gif]
[eset.ua/imglib/OnlineShop/but_grad_lg_hover.gif]
[eset.ua/imglib/showcase/ess11.png]
[eset.ua/imglib/showcase/ena11.png]
[eset.ua/imglib/showcase/ess11_ua.png]
[eset.ua/imglib/showcase/ena11_ua.png]
[eset.ua/imglib/showcase/ems_ru.png]
[eset.ua/imglib/showcase/ems_ua.png]
[eset.ua/images/dash_bg.gif]
[eset.ua/images/arr_open.png]
[eset.ua/images/arr_close.png]
[eset.ua/images/vaucher.png]
[eset.ua/images/or_left.png]
[eset.ua/images/or_left_act.png]
[eset.ua/images/or_right.png]
[eset.ua/images/or_right_act.png]
[eset.ua/images/or_icon.png]
[eset.ua/download_files/img/for_css/tab_slinet.png]
[eset.ua/download_files/img/for_css/ena_lin_ua.png]
[eset.ua/download_files/img/for_css/ena_lin_ru.png]
[eset.ua/download_files/img/for_css/ecsp_ru.png]
[eset.ua/download_files/img/for_css/ecsp_ua.png]
[eset.ua/download_files/img/for_css/ecs_ru.png]
[eset.ua/download_files/img/for_css/ecs_ua.png]
[eset.ua/download_files/contente5a3.css]
[eset.ua/images/fancybox/fancybox.png]
[eset.ua/images/fancybox/blank.gif]
[eset.ua/images/fancybox/fancybox-x.png]
[eset.ua/images/fancybox/fancybox-y.png]
[eset.ua/images/fancybox/fancy_shadow_n.png]
[eset.ua/images/fancybox/fancy_shadow_ne.png]
[eset.ua/images/fancybox/fancy_shadow_e.png]
[eset.ua/images/fancybox/fancy_shadow_se.png]
[eset.ua/images/fancybox/fancy_shadow_s.png]
[eset.ua/images/fancybox/fancy_shadow_sw.png]
[eset.ua/images/fancybox/fancy_shadow_w.png]
[eset.ua/images/fancybox/fancy_shadow_nw.png]
[eset.ua/css/eset/fancybox/jquery.fancybox-1.3.4.css]
[eset.ua/css/eset/jquery/jquery.ui.core.css]
[eset.ua/css/jquery/images/ui-icons_222222_256x240.png]
[eset.ua/images/blue_small_120.gif]
[eset.ua/images/fancybox.png]
[eset.ua/images/bg_download_popup_line.gif]
[eset.ua/css/eset/jquery/jquery.ui.theme.css]
[eset.ua/ua/buy/trading_networks.html]
[eset.ua/images/service_client/map_ua_files/AC_RunAc.js]
[eset.ua/images/service_client/map_ua_files/cherkass.gif]
[eset.ua/images/service_client/map_ua_files/chernigi.gif]
[eset.ua/images/service_client/map_ua_files/chernive.gif]
[eset.ua/images/service_client/map_ua_files/crym0000.gif]
[eset.ua/images/service_client/map_ua_files/dniprope.gif]
[eset.ua/images/service_client/map_ua_files/donetska.gif]
[eset.ua/images/service_client/map_ua_files/harkivsk.gif]
[eset.ua/images/service_client/map_ua_files/hersonsk.gif]
[eset.ua/images/service_client/map_ua_files/hmelnits.gif]
[eset.ua/images/service_client/map_ua_files/ivano_fr.gif]
[eset.ua/images/service_client/map_ua_files/kirovogr.gif]
[eset.ua/images/service_client/map_ua_files/kyivska0.gif]
[eset.ua/images/service_client/map_ua_files/luganska.gif]
[eset.ua/images/service_client/map_ua_files/lvivska0.gif]
[eset.ua/images/service_client/map_ua_files/mykolaiv.gif]
[eset.ua/images/service_client/map_ua_files/odesska0.gif]
[eset.ua/images/service_client/map_ua_files/poltavsk.gif]
[eset.ua/images/service_client/map_ua_files/rivnensk.gif]
[eset.ua/images/service_client/map_ua_files/sumska00.gif]
[eset.ua/images/service_client/map_ua_files/ternopil.gif]
[eset.ua/images/service_client/map_ua_files/vinnytsk.gif]
[eset.ua/images/service_client/map_ua_files/volynska.gif]
[eset.ua/images/service_client/map_ua_files/zakarpat.gif]
[eset.ua/images/service_client/map_ua_files/zaporizk.gif]
[eset.ua/images/service_client/map_ua_files/zhytomyr.gif]
[eset.ua/images/service_client/map_ua_files/t_pixel0.gif]
[eset.ua/images/line_d.png]
[eset.ua/ua/buy/partners.html]
[eset.ua/js/slippry/default.css]
[eset.ua/js/slippry/assets/img/sy-loader.gif]
[eset.ua/js/slippry/slippry.css]
[eset.ua/images/service_client/map_ua_files/blank_map.gif]
[eset.ua/css/service_client/style.css]
[eset.ua/js/slippry/assets/img/arrows.svg]
