[gullivercenter.com/plan/6/index.html]
[backblue.gif]
[fade.gif]
[index.html]
[gullivercenter.com/static/css/bootmetro-icons.css]
[gullivercenter.com/static/css/datepicker.css]
[netdna.bootstrapcdn.com/twitter-bootstrap/2.3.2/css/bootstrap-combined.min.css]
[gullivercenter.com/static/CACHE/css/8798923a9fb6.css]
[gullivercenter.com/static/js/vendor/modernizr.custom.69142.js]
[gullivercenter.com/static/img/oplogo-Logo-vb-022.gif]
[gullivercenter.com/static/img/ico-search01.png]
[gullivercenter.com/static/img/level/6a.gif]
[gullivercenter.com/media/cache/3d/9d/3d9dfc49a30c7a31c64f5b4bac01c1b4.png]
[gullivercenter.com/media/cache/f9/6c/f96c8ce4a1a9285266e3220979f68bd8.png]
[gullivercenter.com/media/cache/c5/a9/c5a96c1031450147239d8d429b5deb27.png]
[gullivercenter.com/media/cache/c5/ee/c5ee014fc9585f0ee219e1832fe488aa.png]
[vk.com/js/api/openapic451.js]
[connect.facebook.net/uk_UA/sdk.js]
[gullivercenter.com/static/img/yt28.png]
[gullivercenter.com/static/js/jquery.min.10.0.1.js]
[gullivercenter.com/static/js/vendor/i18next-1.6.0.min.js]
[gullivercenter.com/static/js/plugins.js]
[gullivercenter.com/static/js/vendor/prettify.js]
[gullivercenter.com/static/js/vendor/bootmetro-panorama.min.js]
[gullivercenter.com/static/js/vendor/bootmetro-pivot.min.js]
[gullivercenter.com/static/js/vendor/bootmetro-charms.min.js]
[gullivercenter.com/static/js/vendor/bootstrap-datepicker.js]
[gullivercenter.com/static/js/vendor/jquery.mousewheel.min.js]
[gullivercenter.com/static/js/vendor/jquery.touchSwipe.min.js]
[gullivercenter.com/static/js/vendor/demo.js]
[gullivercenter.com/static/js/vendor/holder.js]
[gullivercenter.com/static/js/vendor/jquery.qtip.min.js]
[gullivercenter.com/static/CACHE/js/aed0859a9a4a.js]
[gullivercenter.com/plan/6/index.html]
[gullivercenter.com/static/js/vendor/jquery.maphilight.js]
[gullivercenter.com/static/css/bootmetro-icons.css]
[netdna.bootstrapcdn.com/twitter-bootstrap/2.3.2/img/glyphicons-halflings.png]
[netdna.bootstrapcdn.com/twitter-bootstrap/2.3.2/img/glyphicons-halflings-white.png]
[netdna.bootstrapcdn.com/twitter-bootstrap/2.3.2/css/bootstrap-combined.min.css]
[gullivercenter.com/static/css/datepicker.css]
[gullivercenter.com/static/img/glyphicons-halflings-whitefcc5.png]
[gullivercenter.com/static/img/link.png]
[gullivercenter.com/static/img/slider/slider01.jpg]
[gullivercenter.com/static/img/slider/guslidetop-va-020.jpg]
[gullivercenter.com/static/img/awlistromb01fcc5.png]
[gullivercenter.com/static/img/black10.png]
[gullivercenter.com/static/img/black60.png]
[gullivercenter.com/static/img/awgu-eye_va-0107c33.png]
[gullivercenter.com/static/img/awgu-like_va-0107c33.png]
[gullivercenter.com/static/img/awgubkgr-a-030fcc5.jpg]
[gullivercenter.com/static/img/guico-as-va-010fcc5.jpg]
[gullivercenter.com/static/img/guico-gp-va-010fcc5.jpg]
[gullivercenter.com/static/img/awspr-soc057c33.png]
[gullivercenter.com/static/img/awspr-shop01.30.delayed]
[gullivercenter.com/static/CACHE/css/8798923a9fb6.css]
[gullivercenter.com/static/js/vendor/modernizr.custom.69142.js]
[gullivercenter.com/plan/6/activity.31.delayed]
[gullivercenter.com/plan/6/; path=/index.html]
[gullivercenter.com/plan/6/widget_comments.php]
[gullivercenter.com/plan/6/widget_recommended.php]
[gullivercenter.com/plan/6/widget_post.php]
[gullivercenter.com/plan/6/widget_like.php]
[gullivercenter.com/plan/6/widget_poll.php]
[gullivercenter.com/plan/6/al_widget_poll.php]
[gullivercenter.com/plan/6/widget_community.php]
[gullivercenter.com/plan/6/widget_auth.php]
[gullivercenter.com/plan/6/widget_subscribe.php]
[gullivercenter.com/plan/6/ads_rotate.php]
[gullivercenter.com/plan/6/api/openapi.js]
[vk.com/js/api/openapic451.js]
[gullivercenter.com/plan/6/ABCDEFGHIJKLMNOPQRSTUVWXYZabcdefghijklmnopqrstuvwxyz0123456789+/index.html]
[gullivercenter.com/plan/6/dialog/index.html]
[connect.facebook.net/uk_UA/sdk.js]
[gullivercenter.com/static/js/jquery.min.10.0.1.js]
[gullivercenter.com/static/js/vendor/i18next-1.6.0.min.js]
[gullivercenter.com/static/js/plugins.js]
[gullivercenter.com/static/js/vendor/bootmetro.min.js]
[gullivercenter.com/static/js/vendor/prettify.js]
[gullivercenter.com/static/js/vendor/bootmetro-panorama.min.js]
[gullivercenter.com/static/js/vendor/bootmetro-pivot.min.js]
[gullivercenter.com/static/js/vendor/bootmetro-charms.min.js]
[gullivercenter.com/static/js/vendor/bootstrap-datepicker.js]
[gullivercenter.com/static/js/vendor/jquery.mousewheel.min.js]
[gullivercenter.com/static/js/vendor/jquery.touchSwipe.min.js]
[gullivercenter.com/static/js/vendor/demo.js]
[gullivercenter.com/static/js/vendor/holder.js]
[gullivercenter.com/static/js/vendor/jquery.qtip.min.js]
[gullivercenter.com/static/CACHE/js/aed0859a9a4a.js]
[gullivercenter.com/static/js/vendor/jquery.maphilight.js]
[gullivercenter.com/static/img/link.html]
[gullivercenter.com/static/img/slider/slider01.html]
[gullivercenter.com/static/img/slider/guslidetop-va-020.html]
[gullivercenter.com/static/img/black10.html]
[gullivercenter.com/static/img/black60.html]
[gullivercenter.com/static/img/awspr-shop01.html]
[gullivercenter.com/plan/6/; path=/index.html]
[gullivercenter.com/plan/6/activity.html]
[gullivercenter.com/plan/6/widget_comments.html]
[gullivercenter.com/plan/6/widget_recommended.html]
[gullivercenter.com/plan/6/widget_post.html]
[gullivercenter.com/plan/6/widget_like.html]
[gullivercenter.com/plan/6/widget_poll.html]
[gullivercenter.com/plan/6/al_widget_poll.html]
[gullivercenter.com/plan/6/widget_community.html]
[gullivercenter.com/plan/6/widget_auth.html]
[gullivercenter.com/plan/6/widget_subscribe.html]
[gullivercenter.com/plan/6/ads_rotate.html]
[vk.com/js/api/openapi_updated41d.html]
[gullivercenter.com/plan/6/api/openapi.html]
[gullivercenter.com/plan/6/ABCDEFGHIJKLMNOPQRSTUVWXYZabcdefghijklmnopqrstuvwxyz0123456789+/index.html]
[gullivercenter.com/plan/6/dialog/index.html]
[gullivercenter.com/plan/6/%s/profile4d6d.html]
[gullivercenter.com/static/js/vendor.js]
[gullivercenter.com/static/img/awgubkfo-a-030fcc5.jpg]
[gullivercenter.com/static/js/vendor.js]
[gullivercenter.com/plan/6/$&/index.html]
[gullivercenter.com/plan/6/$&/index.html]
